// Jest Snapshot v1, https://goo.gl/fbAQLP

exports[`Articles Container Test test Renders correctly 1`] = `
<ArticlesContainer>
  <CardColumns
    id="articles-container"
  >
    <div
      className="card-columns"
      id="articles-container"
    />
  </CardColumns>
  <hr />
</ArticlesContainer>
`;
