// Jest Snapshot v1, https://goo.gl/fbAQLP

exports[`Header test Renders correctly 1`] = `
<Header>
  <Navbar
    bg="primary"
    className="mb1"
    collapseOnSelect={false}
    expand="md"
    fixed="top"
    variant="dark"
  >
    <nav
      className="mb1 navbar navbar-expand-md navbar-dark bg-primary fixed-top"
    >
      <NavbarBrand
        href="#"
      >
        <a
          className="navbar-brand"
          href="#"
        >
          News Application
        </a>
      </NavbarBrand>
      <NavbarToggle
        aria-controls="basic-navbar-nav"
        label="Toggle navigation"
      >
        <button
          aria-controls="basic-navbar-nav"
          aria-label="Toggle navigation"
          className="navbar-toggler collapsed"
          onClick={[Function]}
          type="button"
        >
          <span
            className="navbar-toggler-icon"
          />
        </button>
      </NavbarToggle>
      <NavbarCollapse
        id="basic-navbar-nav"
      >
        <ForwardRef
          appear={false}
          getDimensionValue={[Function]}
          id="basic-navbar-nav"
          in={false}
          mountOnEnter={false}
          timeout={300}
          unmountOnExit={false}
        >
          <Transition
            addEndListener={[Function]}
            appear={false}
            aria-expanded={null}
            enter={true}
            exit={true}
            id="basic-navbar-nav"
            in={false}
            mountOnEnter={false}
            onEnter={[Function]}
            onEntered={[Function]}
            onEntering={[Function]}
            onExit={[Function]}
            onExited={[Function]}
            onExiting={[Function]}
            timeout={300}
            unmountOnExit={false}
          >
            <div
              aria-expanded={null}
              className="navbar-collapse collapse"
              id="basic-navbar-nav"
            >
              <Form
                className="ml-auto"
                inline={true}
                onSubmit={[Function]}
              >
                <form
                  className="ml-auto form-inline"
                  onSubmit={[Function]}
                >
                  <FormControl
                    className="mr-sm-2"
                    onChange={[Function]}
                    placeholder="Search"
                    type="text"
                    value=""
                  >
                    <input
                      className="mr-sm-2 form-control"
                      onChange={[Function]}
                      placeholder="Search"
                      type="text"
                      value=""
                    />
                  </FormControl>
                  <FormControl
                    as="select"
                    className="mr-sm-2 countries-sort-select-list"
                    custom={true}
                    id="inlineFormCustomSelect"
                    onChange={[Function]}
                    value="us"
                  >
                    <select
                      className="mr-sm-2 countries-sort-select-list custom-select"
                      id="inlineFormCustomSelect"
                      onChange={[Function]}
                      value="us"
                    >
                      <option
                        key="us"
                        name="United States"
                        value="us"
                      >
                        United States
                      </option>
                      <option
                        key="ca"
                        name="Canada"
                        value="ca"
                      >
                        Canada
                      </option>
                      <option
                        key="gb"
                        name="Great Britain"
                        value="gb"
                      >
                        Great Britain
                      </option>
                      <option
                        key="nz"
                        name="New Zealand"
                        value="nz"
                      >
                        New Zealand
                      </option>
                      <option
                        key="au"
                        name="Australia"
                        value="au"
                      >
                        Australia
                      </option>
                      <option
                        key="de"
                        name="Germany"
                        value="de"
                      >
                        Germany
                      </option>
                    </select>
                  </FormControl>
                </form>
              </Form>
            </div>
          </Transition>
        </ForwardRef>
      </NavbarCollapse>
    </nav>
  </Navbar>
</Header>
`;
